---
source: tests/integration_tests.rs
expression: "format!(\"{:?}\", err)"
snapshot_kind: text
---
Password is too short

Fields:
	policy: "8+ chars"
