---
source: tests/integration_tests.rs
expression: "format!(\"{}\", err)"
snapshot_kind: text
---
access denied [request_id=req-abc]
