---
source: tests/integration_tests.rs
expression: "format!(\"{:?}\", contextual_err)"
snapshot_kind: text
---
additional context

Caused by:
    User 'alice' failed to log in

Fields:
	value: "42",
	operation: "login",
	debug_data: "[\"a\", \"b\"]"
